// Jest Snapshot v1, https://goo.gl/fbAQLP

exports[`test TableList.js 1`] = `
<div
  style={
    Object {
      "height": "auto",
      "muiPrepared": true,
      "overflow": "auto",
    }
  }
>
  <div
    style={
      Object {
        "muiPrepared": true,
      }
    }
  >
    <table
      className={undefined}
      style={
        Object {
          "backgroundColor": "#ffffff",
          "borderCollapse": "collapse",
          "borderSpacing": 0,
          "fontFamily": "Roboto, sans-serif",
          "tableLayout": "fixed",
          "width": "100%",
        }
      }
    >
      <thead
        className={undefined}
        style={
          Object {
            "borderBottom": "1px solid #e0e0e0",
            "muiPrepared": true,
          }
        }
      >
        <tr
          className={undefined}
          style={
            Object {
              "borderBottom": "1px solid #e0e0e0",
              "color": "rgba(0, 0, 0, 0.87)",
              "height": 48,
              "muiPrepared": true,
            }
          }
        >
          <th
            className={undefined}
            onClick={[Function]}
            onMouseEnter={[Function]}
            onMouseLeave={[Function]}
            style={
              Object {
                "backgroundColor": "inherit",
                "color": "#9e9e9e",
                "fontSize": 12,
                "fontWeight": "normal",
                "height": 56,
                "muiPrepared": true,
                "paddingLeft": 24,
                "paddingRight": 24,
                "position": "relative",
                "textAlign": "left",
                "textOverflow": "ellipsis",
                "whiteSpace": "nowrap",
                "width": "15%",
              }
            }
          >
            CODE
          </th>
          <th
            className={undefined}
            onClick={[Function]}
            onMouseEnter={[Function]}
            onMouseLeave={[Function]}
            style={
              Object {
                "backgroundColor": "inherit",
                "color": "#9e9e9e",
                "fontSize": 12,
                "fontWeight": "normal",
                "height": 56,
                "muiPrepared": true,
                "paddingLeft": 24,
                "paddingRight": 24,
                "position": "relative",
                "textAlign": "left",
                "textOverflow": "ellipsis",
                "whiteSpace": "nowrap",
              }
            }
          >
            COMPANY
          </th>
          <th
            className={undefined}
            onClick={[Function]}
            onMouseEnter={[Function]}
            onMouseLeave={[Function]}
            style={
              Object {
                "backgroundColor": "inherit",
                "color": "#9e9e9e",
                "fontSize": 12,
                "fontWeight": "normal",
                "height": 56,
                "muiPrepared": true,
                "paddingLeft": 24,
                "paddingRight": 24,
                "position": "relative",
                "textAlign": "right",
                "textOverflow": "ellipsis",
                "whiteSpace": "nowrap",
              }
            }
          >
            PRICE
          </th>
          <th
            className={undefined}
            onClick={[Function]}
            onMouseEnter={[Function]}
            onMouseLeave={[Function]}
            style={
              Object {
                "backgroundColor": "inherit",
                "color": "#9e9e9e",
                "fontSize": 12,
                "fontWeight": "normal",
                "height": 56,
                "muiPrepared": true,
                "paddingLeft": 24,
                "paddingRight": 24,
                "position": "relative",
                "textAlign": "right",
                "textOverflow": "ellipsis",
                "whiteSpace": "nowrap",
              }
            }
          >
            VALUE
          </th>
          <th
            className={undefined}
            onClick={[Function]}
            onMouseEnter={[Function]}
            onMouseLeave={[Function]}
            style={
              Object {
                "backgroundColor": "inherit",
                "color": "#9e9e9e",
                "fontSize": 12,
                "fontWeight": "normal",
                "height": 56,
                "muiPrepared": true,
                "paddingLeft": 24,
                "paddingRight": 24,
                "position": "relative",
                "textAlign": "right",
                "textOverflow": "ellipsis",
                "whiteSpace": "nowrap",
              }
            }
          >
            CHANGE
          </th>
          <th
            className={undefined}
            onClick={[Function]}
            onMouseEnter={[Function]}
            onMouseLeave={[Function]}
            style={
              Object {
                "backgroundColor": "inherit",
                "color": "#9e9e9e",
                "fontSize": 12,
                "fontWeight": "normal",
                "height": 56,
                "muiPrepared": true,
                "paddingLeft": 24,
                "paddingRight": 24,
                "position": "relative",
                "textAlign": "right",
                "textOverflow": "ellipsis",
                "whiteSpace": "nowrap",
              }
            }
          >
            %CHANGE
          </th>
        </tr>
      </thead>
    </table>
  </div>
  <div
    style={
      Object {
        "height": "inherit",
        "muiPrepared": true,
        "overflowX": "hidden",
        "overflowY": "auto",
      }
    }
  >
    <table
      className={undefined}
      style={
        Object {
          "backgroundColor": "#ffffff",
          "borderCollapse": "collapse",
          "borderSpacing": 0,
          "fontFamily": "Roboto, sans-serif",
          "tableLayout": "fixed",
          "width": "100%",
        }
      }
    >
      <tbody
        style={
          Object {
            "muiPrepared": true,
          }
        }
      >
        <tr
          className={undefined}
          style={
            Object {
              "borderBottom": "1px solid #e0e0e0",
              "color": "rgba(0, 0, 0, 0.87)",
              "height": 48,
              "muiPrepared": true,
            }
          }
        >
          <td
            className={undefined}
            onClick={[Function]}
            onMouseEnter={[Function]}
            onMouseLeave={[Function]}
            style={
              Object {
                "backgroundColor": "inherit",
                "fontSize": 13,
                "height": 48,
                "muiPrepared": true,
                "overflow": "hidden",
                "paddingLeft": 24,
                "paddingRight": 24,
                "textAlign": "left",
                "textOverflow": "ellipsis",
                "whiteSpace": "nowrap",
                "width": "15%",
              }
            }
          >
            ABG.AX
          </td>
          <td
            className={undefined}
            onClick={[Function]}
            onMouseEnter={[Function]}
            onMouseLeave={[Function]}
            style={
              Object {
                "backgroundColor": "inherit",
                "fontSize": 13,
                "height": 48,
                "muiPrepared": true,
                "overflow": "hidden",
                "paddingLeft": 24,
                "paddingRight": 24,
                "textAlign": "left",
                "textOverflow": "ellipsis",
                "whiteSpace": "normal",
              }
            }
          >
            ABG JKFGJK DFGJFDGJK DFGDFJ
          </td>
          <td
            className={undefined}
            onClick={[Function]}
            onMouseEnter={[Function]}
            onMouseLeave={[Function]}
            style={
              Object {
                "backgroundColor": "inherit",
                "fontSize": 13,
                "height": 48,
                "muiPrepared": true,
                "overflow": "hidden",
                "paddingLeft": 24,
                "paddingRight": 24,
                "textAlign": "right",
                "textOverflow": "ellipsis",
                "whiteSpace": "nowrap",
              }
            }
          >
            1.23
          </td>
          <td
            className={undefined}
            onClick={[Function]}
            onMouseEnter={[Function]}
            onMouseLeave={[Function]}
            style={
              Object {
                "backgroundColor": "inherit",
                "fontSize": 13,
                "height": 48,
                "muiPrepared": true,
                "overflow": "hidden",
                "paddingLeft": 24,
                "paddingRight": 24,
                "textAlign": "right",
                "textOverflow": "ellipsis",
                "whiteSpace": "nowrap",
              }
            }
          >
            154,519
          </td>
          <td
            className={undefined}
            onClick={[Function]}
            onMouseEnter={[Function]}
            onMouseLeave={[Function]}
            style={
              Object {
                "backgroundColor": "inherit",
                "color": "#2ecc71",
                "fontSize": 13,
                "height": 48,
                "muiPrepared": true,
                "overflow": "hidden",
                "paddingLeft": 24,
                "paddingRight": 24,
                "textAlign": "right",
                "textOverflow": "ellipsis",
                "whiteSpace": "nowrap",
              }
            }
          >
            0.00
          </td>
          <td
            className={undefined}
            onClick={[Function]}
            onMouseEnter={[Function]}
            onMouseLeave={[Function]}
            style={
              Object {
                "backgroundColor": "inherit",
                "color": "#2ecc71",
                "fontSize": 13,
                "height": 48,
                "muiPrepared": true,
                "overflow": "hidden",
                "paddingLeft": 24,
                "paddingRight": 24,
                "textAlign": "right",
                "textOverflow": "ellipsis",
                "whiteSpace": "nowrap",
              }
            }
          >
            0.0
            %
          </td>
        </tr>
        <tr
          className={undefined}
          style={
            Object {
              "borderBottom": "1px solid #e0e0e0",
              "color": "rgba(0, 0, 0, 0.87)",
              "height": 48,
              "muiPrepared": true,
            }
          }
        >
          <td
            className={undefined}
            onClick={[Function]}
            onMouseEnter={[Function]}
            onMouseLeave={[Function]}
            style={
              Object {
                "backgroundColor": "inherit",
                "fontSize": 13,
                "height": 48,
                "muiPrepared": true,
                "overflow": "hidden",
                "paddingLeft": 24,
                "paddingRight": 24,
                "textAlign": "left",
                "textOverflow": "ellipsis",
                "whiteSpace": "nowrap",
                "width": "15%",
              }
            }
          >
            BSDF.AX
          </td>
          <td
            className={undefined}
            onClick={[Function]}
            onMouseEnter={[Function]}
            onMouseLeave={[Function]}
            style={
              Object {
                "backgroundColor": "inherit",
                "fontSize": 13,
                "height": 48,
                "muiPrepared": true,
                "overflow": "hidden",
                "paddingLeft": 24,
                "paddingRight": 24,
                "textAlign": "left",
                "textOverflow": "ellipsis",
                "whiteSpace": "normal",
              }
            }
          >
            BVD FGF DSTIERT SDGF CSD
          </td>
          <td
            className={undefined}
            onClick={[Function]}
            onMouseEnter={[Function]}
            onMouseLeave={[Function]}
            style={
              Object {
                "backgroundColor": "inherit",
                "fontSize": 13,
                "height": 48,
                "muiPrepared": true,
                "overflow": "hidden",
                "paddingLeft": 24,
                "paddingRight": 24,
                "textAlign": "right",
                "textOverflow": "ellipsis",
                "whiteSpace": "nowrap",
              }
            }
          >
            1.08
          </td>
          <td
            className={undefined}
            onClick={[Function]}
            onMouseEnter={[Function]}
            onMouseLeave={[Function]}
            style={
              Object {
                "backgroundColor": "inherit",
                "fontSize": 13,
                "height": 48,
                "muiPrepared": true,
                "overflow": "hidden",
                "paddingLeft": 24,
                "paddingRight": 24,
                "textAlign": "right",
                "textOverflow": "ellipsis",
                "whiteSpace": "nowrap",
              }
            }
          >
            888,185
          </td>
          <td
            className={undefined}
            onClick={[Function]}
            onMouseEnter={[Function]}
            onMouseLeave={[Function]}
            style={
              Object {
                "backgroundColor": "inherit",
                "color": "#2ecc71",
                "fontSize": 13,
                "height": 48,
                "muiPrepared": true,
                "overflow": "hidden",
                "paddingLeft": 24,
                "paddingRight": 24,
                "textAlign": "right",
                "textOverflow": "ellipsis",
                "whiteSpace": "nowrap",
              }
            }
          >
            0.00
          </td>
          <td
            className={undefined}
            onClick={[Function]}
            onMouseEnter={[Function]}
            onMouseLeave={[Function]}
            style={
              Object {
                "backgroundColor": "inherit",
                "color": "#2ecc71",
                "fontSize": 13,
                "height": 48,
                "muiPrepared": true,
                "overflow": "hidden",
                "paddingLeft": 24,
                "paddingRight": 24,
                "textAlign": "right",
                "textOverflow": "ellipsis",
                "whiteSpace": "nowrap",
              }
            }
          >
            0.0
            %
          </td>
        </tr>
        <tr
          className={undefined}
          style={
            Object {
              "borderBottom": "1px solid #e0e0e0",
              "color": "rgba(0, 0, 0, 0.87)",
              "height": 48,
              "muiPrepared": true,
            }
          }
        >
          <td
            className={undefined}
            onClick={[Function]}
            onMouseEnter={[Function]}
            onMouseLeave={[Function]}
            style={
              Object {
                "backgroundColor": "inherit",
                "fontSize": 13,
                "height": 48,
                "muiPrepared": true,
                "overflow": "hidden",
                "paddingLeft": 24,
                "paddingRight": 24,
                "textAlign": "left",
                "textOverflow": "ellipsis",
                "whiteSpace": "nowrap",
                "width": "15%",
              }
            }
          >
            GER.AX
          </td>
          <td
            className={undefined}
            onClick={[Function]}
            onMouseEnter={[Function]}
            onMouseLeave={[Function]}
            style={
              Object {
                "backgroundColor": "inherit",
                "fontSize": 13,
                "height": 48,
                "muiPrepared": true,
                "overflow": "hidden",
                "paddingLeft": 24,
                "paddingRight": 24,
                "textAlign": "left",
                "textOverflow": "ellipsis",
                "whiteSpace": "normal",
              }
            }
          >
            RIO TINTO LIMITED
          </td>
          <td
            className={undefined}
            onClick={[Function]}
            onMouseEnter={[Function]}
            onMouseLeave={[Function]}
            style={
              Object {
                "backgroundColor": "inherit",
                "fontSize": 13,
                "height": 48,
                "muiPrepared": true,
                "overflow": "hidden",
                "paddingLeft": 24,
                "paddingRight": 24,
                "textAlign": "right",
                "textOverflow": "ellipsis",
                "whiteSpace": "nowrap",
              }
            }
          >
            0.53
          </td>
          <td
            className={undefined}
            onClick={[Function]}
            onMouseEnter={[Function]}
            onMouseLeave={[Function]}
            style={
              Object {
                "backgroundColor": "inherit",
                "fontSize": 13,
                "height": 48,
                "muiPrepared": true,
                "overflow": "hidden",
                "paddingLeft": 24,
                "paddingRight": 24,
                "textAlign": "right",
                "textOverflow": "ellipsis",
                "whiteSpace": "nowrap",
              }
            }
          >
            396,743
          </td>
          <td
            className={undefined}
            onClick={[Function]}
            onMouseEnter={[Function]}
            onMouseLeave={[Function]}
            style={
              Object {
                "backgroundColor": "inherit",
                "color": "#2ecc71",
                "fontSize": 13,
                "height": 48,
                "muiPrepared": true,
                "overflow": "hidden",
                "paddingLeft": 24,
                "paddingRight": 24,
                "textAlign": "right",
                "textOverflow": "ellipsis",
                "whiteSpace": "nowrap",
              }
            }
          >
            0.00
          </td>
          <td
            className={undefined}
            onClick={[Function]}
            onMouseEnter={[Function]}
            onMouseLeave={[Function]}
            style={
              Object {
                "backgroundColor": "inherit",
                "color": "#2ecc71",
                "fontSize": 13,
                "height": 48,
                "muiPrepared": true,
                "overflow": "hidden",
                "paddingLeft": 24,
                "paddingRight": 24,
                "textAlign": "right",
                "textOverflow": "ellipsis",
                "whiteSpace": "nowrap",
              }
            }
          >
            0.0
            %
          </td>
        </tr>
        <tr
          className={undefined}
          style={
            Object {
              "borderBottom": "1px solid #e0e0e0",
              "color": "rgba(0, 0, 0, 0.87)",
              "height": 48,
              "muiPrepared": true,
            }
          }
        >
          <td
            className={undefined}
            onClick={[Function]}
            onMouseEnter={[Function]}
            onMouseLeave={[Function]}
            style={
              Object {
                "backgroundColor": "inherit",
                "fontSize": 13,
                "height": 48,
                "muiPrepared": true,
                "overflow": "hidden",
                "paddingLeft": 24,
                "paddingRight": 24,
                "textAlign": "left",
                "textOverflow": "ellipsis",
                "whiteSpace": "nowrap",
                "width": "15%",
              }
            }
          >
            YOP.AX
          </td>
          <td
            className={undefined}
            onClick={[Function]}
            onMouseEnter={[Function]}
            onMouseLeave={[Function]}
            style={
              Object {
                "backgroundColor": "inherit",
                "fontSize": 13,
                "height": 48,
                "muiPrepared": true,
                "overflow": "hidden",
                "paddingLeft": 24,
                "paddingRight": 24,
                "textAlign": "left",
                "textOverflow": "ellipsis",
                "whiteSpace": "normal",
              }
            }
          >
            UFGDF HJGHK HKIOQA PLMC
          </td>
          <td
            className={undefined}
            onClick={[Function]}
            onMouseEnter={[Function]}
            onMouseLeave={[Function]}
            style={
              Object {
                "backgroundColor": "inherit",
                "fontSize": 13,
                "height": 48,
                "muiPrepared": true,
                "overflow": "hidden",
                "paddingLeft": 24,
                "paddingRight": 24,
                "textAlign": "right",
                "textOverflow": "ellipsis",
                "whiteSpace": "nowrap",
              }
            }
          >
            1.12
          </td>
          <td
            className={undefined}
            onClick={[Function]}
            onMouseEnter={[Function]}
            onMouseLeave={[Function]}
            style={
              Object {
                "backgroundColor": "inherit",
                "fontSize": 13,
                "height": 48,
                "muiPrepared": true,
                "overflow": "hidden",
                "paddingLeft": 24,
                "paddingRight": 24,
                "textAlign": "right",
                "textOverflow": "ellipsis",
                "whiteSpace": "nowrap",
              }
            }
          >
            638,205
          </td>
          <td
            className={undefined}
            onClick={[Function]}
            onMouseEnter={[Function]}
            onMouseLeave={[Function]}
            style={
              Object {
                "backgroundColor": "inherit",
                "color": "#2ecc71",
                "fontSize": 13,
                "height": 48,
                "muiPrepared": true,
                "overflow": "hidden",
                "paddingLeft": 24,
                "paddingRight": 24,
                "textAlign": "right",
                "textOverflow": "ellipsis",
                "whiteSpace": "nowrap",
              }
            }
          >
            0.00
          </td>
          <td
            className={undefined}
            onClick={[Function]}
            onMouseEnter={[Function]}
            onMouseLeave={[Function]}
            style={
              Object {
                "backgroundColor": "inherit",
                "color": "#2ecc71",
                "fontSize": 13,
                "height": 48,
                "muiPrepared": true,
                "overflow": "hidden",
                "paddingLeft": 24,
                "paddingRight": 24,
                "textAlign": "right",
                "textOverflow": "ellipsis",
                "whiteSpace": "nowrap",
              }
            }
          >
            0.0
            %
          </td>
        </tr>
        <tr
          className={undefined}
          style={
            Object {
              "borderBottom": "1px solid #e0e0e0",
              "color": "rgba(0, 0, 0, 0.87)",
              "height": 48,
              "muiPrepared": true,
            }
          }
        >
          <td
            className={undefined}
            onClick={[Function]}
            onMouseEnter={[Function]}
            onMouseLeave={[Function]}
            style={
              Object {
                "backgroundColor": "inherit",
                "fontSize": 13,
                "height": 48,
                "muiPrepared": true,
                "overflow": "hidden",
                "paddingLeft": 24,
                "paddingRight": 24,
                "textAlign": "left",
                "textOverflow": "ellipsis",
                "whiteSpace": "nowrap",
                "width": "15%",
              }
            }
          >
            YFF.AX
          </td>
          <td
            className={undefined}
            onClick={[Function]}
            onMouseEnter={[Function]}
            onMouseLeave={[Function]}
            style={
              Object {
                "backgroundColor": "inherit",
                "fontSize": 13,
                "height": 48,
                "muiPrepared": true,
                "overflow": "hidden",
                "paddingLeft": 24,
                "paddingRight": 24,
                "textAlign": "left",
                "textOverflow": "ellipsis",
                "whiteSpace": "normal",
              }
            }
          >
            EWAS QEWTI OPHJKL DFGFG GHGFJTYYTR
          </td>
          <td
            className={undefined}
            onClick={[Function]}
            onMouseEnter={[Function]}
            onMouseLeave={[Function]}
            style={
              Object {
                "backgroundColor": "inherit",
                "fontSize": 13,
                "height": 48,
                "muiPrepared": true,
                "overflow": "hidden",
                "paddingLeft": 24,
                "paddingRight": 24,
                "textAlign": "right",
                "textOverflow": "ellipsis",
                "whiteSpace": "nowrap",
              }
            }
          >
            1.13
          </td>
          <td
            className={undefined}
            onClick={[Function]}
            onMouseEnter={[Function]}
            onMouseLeave={[Function]}
            style={
              Object {
                "backgroundColor": "inherit",
                "fontSize": 13,
                "height": 48,
                "muiPrepared": true,
                "overflow": "hidden",
                "paddingLeft": 24,
                "paddingRight": 24,
                "textAlign": "right",
                "textOverflow": "ellipsis",
                "whiteSpace": "nowrap",
              }
            }
          >
            1,090,816
          </td>
          <td
            className={undefined}
            onClick={[Function]}
            onMouseEnter={[Function]}
            onMouseLeave={[Function]}
            style={
              Object {
                "backgroundColor": "inherit",
                "color": "#2ecc71",
                "fontSize": 13,
                "height": 48,
                "muiPrepared": true,
                "overflow": "hidden",
                "paddingLeft": 24,
                "paddingRight": 24,
                "textAlign": "right",
                "textOverflow": "ellipsis",
                "whiteSpace": "nowrap",
              }
            }
          >
            0.00
          </td>
          <td
            className={undefined}
            onClick={[Function]}
            onMouseEnter={[Function]}
            onMouseLeave={[Function]}
            style={
              Object {
                "backgroundColor": "inherit",
                "color": "#2ecc71",
                "fontSize": 13,
                "height": 48,
                "muiPrepared": true,
                "overflow": "hidden",
                "paddingLeft": 24,
                "paddingRight": 24,
                "textAlign": "right",
                "textOverflow": "ellipsis",
                "whiteSpace": "nowrap",
              }
            }
          >
            0.0
            %
          </td>
        </tr>
        <tr
          className={undefined}
          style={
            Object {
              "borderBottom": "1px solid #e0e0e0",
              "color": "rgba(0, 0, 0, 0.87)",
              "height": 48,
              "muiPrepared": true,
            }
          }
        >
          <td
            className={undefined}
            onClick={[Function]}
            onMouseEnter={[Function]}
            onMouseLeave={[Function]}
            style={
              Object {
                "backgroundColor": "inherit",
                "fontSize": 13,
                "height": 48,
                "muiPrepared": true,
                "overflow": "hidden",
                "paddingLeft": 24,
                "paddingRight": 24,
                "textAlign": "left",
                "textOverflow": "ellipsis",
                "whiteSpace": "nowrap",
                "width": "15%",
              }
            }
          >
            FIED.AX
          </td>
          <td
            className={undefined}
            onClick={[Function]}
            onMouseEnter={[Function]}
            onMouseLeave={[Function]}
            style={
              Object {
                "backgroundColor": "inherit",
                "fontSize": 13,
                "height": 48,
                "muiPrepared": true,
                "overflow": "hidden",
                "paddingLeft": 24,
                "paddingRight": 24,
                "textAlign": "left",
                "textOverflow": "ellipsis",
                "whiteSpace": "normal",
              }
            }
          >
            FDAF DFGFHWE WERWETER JKTUUJ
          </td>
          <td
            className={undefined}
            onClick={[Function]}
            onMouseEnter={[Function]}
            onMouseLeave={[Function]}
            style={
              Object {
                "backgroundColor": "inherit",
                "fontSize": 13,
                "height": 48,
                "muiPrepared": true,
                "overflow": "hidden",
                "paddingLeft": 24,
                "paddingRight": 24,
                "textAlign": "right",
                "textOverflow": "ellipsis",
                "whiteSpace": "nowrap",
              }
            }
          >
            5.32
          </td>
          <td
            className={undefined}
            onClick={[Function]}
            onMouseEnter={[Function]}
            onMouseLeave={[Function]}
            style={
              Object {
                "backgroundColor": "inherit",
                "fontSize": 13,
                "height": 48,
                "muiPrepared": true,
                "overflow": "hidden",
                "paddingLeft": 24,
                "paddingRight": 24,
                "textAlign": "right",
                "textOverflow": "ellipsis",
                "whiteSpace": "nowrap",
              }
            }
          >
            2,442,635
          </td>
          <td
            className={undefined}
            onClick={[Function]}
            onMouseEnter={[Function]}
            onMouseLeave={[Function]}
            style={
              Object {
                "backgroundColor": "inherit",
                "color": "#2ecc71",
                "fontSize": 13,
                "height": 48,
                "muiPrepared": true,
                "overflow": "hidden",
                "paddingLeft": 24,
                "paddingRight": 24,
                "textAlign": "right",
                "textOverflow": "ellipsis",
                "whiteSpace": "nowrap",
              }
            }
          >
            0.00
          </td>
          <td
            className={undefined}
            onClick={[Function]}
            onMouseEnter={[Function]}
            onMouseLeave={[Function]}
            style={
              Object {
                "backgroundColor": "inherit",
                "color": "#2ecc71",
                "fontSize": 13,
                "height": 48,
                "muiPrepared": true,
                "overflow": "hidden",
                "paddingLeft": 24,
                "paddingRight": 24,
                "textAlign": "right",
                "textOverflow": "ellipsis",
                "whiteSpace": "nowrap",
              }
            }
          >
            0.0
            %
          </td>
        </tr>
        <tr
          className={undefined}
          style={
            Object {
              "borderBottom": "1px solid #e0e0e0",
              "color": "rgba(0, 0, 0, 0.87)",
              "height": 48,
              "muiPrepared": true,
            }
          }
        >
          <td
            className={undefined}
            onClick={[Function]}
            onMouseEnter={[Function]}
            onMouseLeave={[Function]}
            style={
              Object {
                "backgroundColor": "inherit",
                "fontSize": 13,
                "height": 48,
                "muiPrepared": true,
                "overflow": "hidden",
                "paddingLeft": 24,
                "paddingRight": 24,
                "textAlign": "left",
                "textOverflow": "ellipsis",
                "whiteSpace": "nowrap",
                "width": "15%",
              }
            }
          >
            FGR.AX
          </td>
          <td
            className={undefined}
            onClick={[Function]}
            onMouseEnter={[Function]}
            onMouseLeave={[Function]}
            style={
              Object {
                "backgroundColor": "inherit",
                "fontSize": 13,
                "height": 48,
                "muiPrepared": true,
                "overflow": "hidden",
                "paddingLeft": 24,
                "paddingRight": 24,
                "textAlign": "left",
                "textOverflow": "ellipsis",
                "whiteSpace": "normal",
              }
            }
          >
            TYTFR DFGDF WERWTRE JUYKIYU
          </td>
          <td
            className={undefined}
            onClick={[Function]}
            onMouseEnter={[Function]}
            onMouseLeave={[Function]}
            style={
              Object {
                "backgroundColor": "inherit",
                "fontSize": 13,
                "height": 48,
                "muiPrepared": true,
                "overflow": "hidden",
                "paddingLeft": 24,
                "paddingRight": 24,
                "textAlign": "right",
                "textOverflow": "ellipsis",
                "whiteSpace": "nowrap",
              }
            }
          >
            7.13
          </td>
          <td
            className={undefined}
            onClick={[Function]}
            onMouseEnter={[Function]}
            onMouseLeave={[Function]}
            style={
              Object {
                "backgroundColor": "inherit",
                "fontSize": 13,
                "height": 48,
                "muiPrepared": true,
                "overflow": "hidden",
                "paddingLeft": 24,
                "paddingRight": 24,
                "textAlign": "right",
                "textOverflow": "ellipsis",
                "whiteSpace": "nowrap",
              }
            }
          >
            893,732
          </td>
          <td
            className={undefined}
            onClick={[Function]}
            onMouseEnter={[Function]}
            onMouseLeave={[Function]}
            style={
              Object {
                "backgroundColor": "inherit",
                "color": "#2ecc71",
                "fontSize": 13,
                "height": 48,
                "muiPrepared": true,
                "overflow": "hidden",
                "paddingLeft": 24,
                "paddingRight": 24,
                "textAlign": "right",
                "textOverflow": "ellipsis",
                "whiteSpace": "nowrap",
              }
            }
          >
            0.00
          </td>
          <td
            className={undefined}
            onClick={[Function]}
            onMouseEnter={[Function]}
            onMouseLeave={[Function]}
            style={
              Object {
                "backgroundColor": "inherit",
                "color": "#2ecc71",
                "fontSize": 13,
                "height": 48,
                "muiPrepared": true,
                "overflow": "hidden",
                "paddingLeft": 24,
                "paddingRight": 24,
                "textAlign": "right",
                "textOverflow": "ellipsis",
                "whiteSpace": "nowrap",
              }
            }
          >
            0.0
            %
          </td>
        </tr>
        <tr
          className={undefined}
          style={
            Object {
              "borderBottom": "1px solid #e0e0e0",
              "color": "rgba(0, 0, 0, 0.87)",
              "height": 48,
              "muiPrepared": true,
            }
          }
        >
          <td
            className={undefined}
            onClick={[Function]}
            onMouseEnter={[Function]}
            onMouseLeave={[Function]}
            style={
              Object {
                "backgroundColor": "inherit",
                "fontSize": 13,
                "height": 48,
                "muiPrepared": true,
                "overflow": "hidden",
                "paddingLeft": 24,
                "paddingRight": 24,
                "textAlign": "left",
                "textOverflow": "ellipsis",
                "whiteSpace": "nowrap",
                "width": "15%",
              }
            }
          >
            HIU.AX
          </td>
          <td
            className={undefined}
            onClick={[Function]}
            onMouseEnter={[Function]}
            onMouseLeave={[Function]}
            style={
              Object {
                "backgroundColor": "inherit",
                "fontSize": 13,
                "height": 48,
                "muiPrepared": true,
                "overflow": "hidden",
                "paddingLeft": 24,
                "paddingRight": 24,
                "textAlign": "left",
                "textOverflow": "ellipsis",
                "whiteSpace": "normal",
              }
            }
          >
            UYI RSRGTERTY WETRRWET WEGFTER
          </td>
          <td
            className={undefined}
            onClick={[Function]}
            onMouseEnter={[Function]}
            onMouseLeave={[Function]}
            style={
              Object {
                "backgroundColor": "inherit",
                "fontSize": 13,
                "height": 48,
                "muiPrepared": true,
                "overflow": "hidden",
                "paddingLeft": 24,
                "paddingRight": 24,
                "textAlign": "right",
                "textOverflow": "ellipsis",
                "whiteSpace": "nowrap",
              }
            }
          >
            4.38
          </td>
          <td
            className={undefined}
            onClick={[Function]}
            onMouseEnter={[Function]}
            onMouseLeave={[Function]}
            style={
              Object {
                "backgroundColor": "inherit",
                "fontSize": 13,
                "height": 48,
                "muiPrepared": true,
                "overflow": "hidden",
                "paddingLeft": 24,
                "paddingRight": 24,
                "textAlign": "right",
                "textOverflow": "ellipsis",
                "whiteSpace": "nowrap",
              }
            }
          >
            2,884,644
          </td>
          <td
            className={undefined}
            onClick={[Function]}
            onMouseEnter={[Function]}
            onMouseLeave={[Function]}
            style={
              Object {
                "backgroundColor": "inherit",
                "color": "#2ecc71",
                "fontSize": 13,
                "height": 48,
                "muiPrepared": true,
                "overflow": "hidden",
                "paddingLeft": 24,
                "paddingRight": 24,
                "textAlign": "right",
                "textOverflow": "ellipsis",
                "whiteSpace": "nowrap",
              }
            }
          >
            0.00
          </td>
          <td
            className={undefined}
            onClick={[Function]}
            onMouseEnter={[Function]}
            onMouseLeave={[Function]}
            style={
              Object {
                "backgroundColor": "inherit",
                "color": "#2ecc71",
                "fontSize": 13,
                "height": 48,
                "muiPrepared": true,
                "overflow": "hidden",
                "paddingLeft": 24,
                "paddingRight": 24,
                "textAlign": "right",
                "textOverflow": "ellipsis",
                "whiteSpace": "nowrap",
              }
            }
          >
            0.0
            %
          </td>
        </tr>
        <tr
          className={undefined}
          style={
            Object {
              "borderBottom": "1px solid #e0e0e0",
              "color": "rgba(0, 0, 0, 0.87)",
              "height": 48,
              "muiPrepared": true,
            }
          }
        >
          <td
            className={undefined}
            onClick={[Function]}
            onMouseEnter={[Function]}
            onMouseLeave={[Function]}
            style={
              Object {
                "backgroundColor": "inherit",
                "fontSize": 13,
                "height": 48,
                "muiPrepared": true,
                "overflow": "hidden",
                "paddingLeft": 24,
                "paddingRight": 24,
                "textAlign": "left",
                "textOverflow": "ellipsis",
                "whiteSpace": "nowrap",
                "width": "15%",
              }
            }
          >
            ASD.AX
          </td>
          <td
            className={undefined}
            onClick={[Function]}
            onMouseEnter={[Function]}
            onMouseLeave={[Function]}
            style={
              Object {
                "backgroundColor": "inherit",
                "fontSize": 13,
                "height": 48,
                "muiPrepared": true,
                "overflow": "hidden",
                "paddingLeft": 24,
                "paddingRight": 24,
                "textAlign": "left",
                "textOverflow": "ellipsis",
                "whiteSpace": "normal",
              }
            }
          >
            SDGDFHY TRRUYTRUJRY ERFGER 
          </td>
          <td
            className={undefined}
            onClick={[Function]}
            onMouseEnter={[Function]}
            onMouseLeave={[Function]}
            style={
              Object {
                "backgroundColor": "inherit",
                "fontSize": 13,
                "height": 48,
                "muiPrepared": true,
                "overflow": "hidden",
                "paddingLeft": 24,
                "paddingRight": 24,
                "textAlign": "right",
                "textOverflow": "ellipsis",
                "whiteSpace": "nowrap",
              }
            }
          >
            2.32
          </td>
          <td
            className={undefined}
            onClick={[Function]}
            onMouseEnter={[Function]}
            onMouseLeave={[Function]}
            style={
              Object {
                "backgroundColor": "inherit",
                "fontSize": 13,
                "height": 48,
                "muiPrepared": true,
                "overflow": "hidden",
                "paddingLeft": 24,
                "paddingRight": 24,
                "textAlign": "right",
                "textOverflow": "ellipsis",
                "whiteSpace": "nowrap",
              }
            }
          >
            1,047,074
          </td>
          <td
            className={undefined}
            onClick={[Function]}
            onMouseEnter={[Function]}
            onMouseLeave={[Function]}
            style={
              Object {
                "backgroundColor": "inherit",
                "color": "#2ecc71",
                "fontSize": 13,
                "height": 48,
                "muiPrepared": true,
                "overflow": "hidden",
                "paddingLeft": 24,
                "paddingRight": 24,
                "textAlign": "right",
                "textOverflow": "ellipsis",
                "whiteSpace": "nowrap",
              }
            }
          >
            0.00
          </td>
          <td
            className={undefined}
            onClick={[Function]}
            onMouseEnter={[Function]}
            onMouseLeave={[Function]}
            style={
              Object {
                "backgroundColor": "inherit",
                "color": "#2ecc71",
                "fontSize": 13,
                "height": 48,
                "muiPrepared": true,
                "overflow": "hidden",
                "paddingLeft": 24,
                "paddingRight": 24,
                "textAlign": "right",
                "textOverflow": "ellipsis",
                "whiteSpace": "nowrap",
              }
            }
          >
            0.0
            %
          </td>
        </tr>
        <tr
          className={undefined}
          style={
            Object {
              "borderBottom": "1px solid #e0e0e0",
              "color": "rgba(0, 0, 0, 0.87)",
              "height": 48,
              "muiPrepared": true,
            }
          }
        >
          <td
            className={undefined}
            onClick={[Function]}
            onMouseEnter={[Function]}
            onMouseLeave={[Function]}
            style={
              Object {
                "backgroundColor": "inherit",
                "fontSize": 13,
                "height": 48,
                "muiPrepared": true,
                "overflow": "hidden",
                "paddingLeft": 24,
                "paddingRight": 24,
                "textAlign": "left",
                "textOverflow": "ellipsis",
                "whiteSpace": "nowrap",
                "width": "15%",
              }
            }
          >
            GFH.AX
          </td>
          <td
            className={undefined}
            onClick={[Function]}
            onMouseEnter={[Function]}
            onMouseLeave={[Function]}
            style={
              Object {
                "backgroundColor": "inherit",
                "fontSize": 13,
                "height": 48,
                "muiPrepared": true,
                "overflow": "hidden",
                "paddingLeft": 24,
                "paddingRight": 24,
                "textAlign": "left",
                "textOverflow": "ellipsis",
                "whiteSpace": "normal",
              }
            }
          >
            HYTRURUJ ERYET JYKYU
          </td>
          <td
            className={undefined}
            onClick={[Function]}
            onMouseEnter={[Function]}
            onMouseLeave={[Function]}
            style={
              Object {
                "backgroundColor": "inherit",
                "fontSize": 13,
                "height": 48,
                "muiPrepared": true,
                "overflow": "hidden",
                "paddingLeft": 24,
                "paddingRight": 24,
                "textAlign": "right",
                "textOverflow": "ellipsis",
                "whiteSpace": "nowrap",
              }
            }
          >
            3.02
          </td>
          <td
            className={undefined}
            onClick={[Function]}
            onMouseEnter={[Function]}
            onMouseLeave={[Function]}
            style={
              Object {
                "backgroundColor": "inherit",
                "fontSize": 13,
                "height": 48,
                "muiPrepared": true,
                "overflow": "hidden",
                "paddingLeft": 24,
                "paddingRight": 24,
                "textAlign": "right",
                "textOverflow": "ellipsis",
                "whiteSpace": "nowrap",
              }
            }
          >
            2,486,754
          </td>
          <td
            className={undefined}
            onClick={[Function]}
            onMouseEnter={[Function]}
            onMouseLeave={[Function]}
            style={
              Object {
                "backgroundColor": "inherit",
                "color": "#2ecc71",
                "fontSize": 13,
                "height": 48,
                "muiPrepared": true,
                "overflow": "hidden",
                "paddingLeft": 24,
                "paddingRight": 24,
                "textAlign": "right",
                "textOverflow": "ellipsis",
                "whiteSpace": "nowrap",
              }
            }
          >
            0.00
          </td>
          <td
            className={undefined}
            onClick={[Function]}
            onMouseEnter={[Function]}
            onMouseLeave={[Function]}
            style={
              Object {
                "backgroundColor": "inherit",
                "color": "#2ecc71",
                "fontSize": 13,
                "height": 48,
                "muiPrepared": true,
                "overflow": "hidden",
                "paddingLeft": 24,
                "paddingRight": 24,
                "textAlign": "right",
                "textOverflow": "ellipsis",
                "whiteSpace": "nowrap",
              }
            }
          >
            0.0
            %
          </td>
        </tr>
        <tr
          className={undefined}
          style={
            Object {
              "borderBottom": "1px solid #e0e0e0",
              "color": "rgba(0, 0, 0, 0.87)",
              "height": 48,
              "muiPrepared": true,
            }
          }
        >
          <td
            className={undefined}
            onClick={[Function]}
            onMouseEnter={[Function]}
            onMouseLeave={[Function]}
            style={
              Object {
                "backgroundColor": "inherit",
                "fontSize": 13,
                "height": 48,
                "muiPrepared": true,
                "overflow": "hidden",
                "paddingLeft": 24,
                "paddingRight": 24,
                "textAlign": "left",
                "textOverflow": "ellipsis",
                "whiteSpace": "nowrap",
                "width": "15%",
              }
            }
          >
            GEY.AX
          </td>
          <td
            className={undefined}
            onClick={[Function]}
            onMouseEnter={[Function]}
            onMouseLeave={[Function]}
            style={
              Object {
                "backgroundColor": "inherit",
                "fontSize": 13,
                "height": 48,
                "muiPrepared": true,
                "overflow": "hidden",
                "paddingLeft": 24,
                "paddingRight": 24,
                "textAlign": "left",
                "textOverflow": "ellipsis",
                "whiteSpace": "normal",
              }
            }
          >
            SDF YTIUY OPJKLHJ ASDW
          </td>
          <td
            className={undefined}
            onClick={[Function]}
            onMouseEnter={[Function]}
            onMouseLeave={[Function]}
            style={
              Object {
                "backgroundColor": "inherit",
                "fontSize": 13,
                "height": 48,
                "muiPrepared": true,
                "overflow": "hidden",
                "paddingLeft": 24,
                "paddingRight": 24,
                "textAlign": "right",
                "textOverflow": "ellipsis",
                "whiteSpace": "nowrap",
              }
            }
          >
            0.53
          </td>
          <td
            className={undefined}
            onClick={[Function]}
            onMouseEnter={[Function]}
            onMouseLeave={[Function]}
            style={
              Object {
                "backgroundColor": "inherit",
                "fontSize": 13,
                "height": 48,
                "muiPrepared": true,
                "overflow": "hidden",
                "paddingLeft": 24,
                "paddingRight": 24,
                "textAlign": "right",
                "textOverflow": "ellipsis",
                "whiteSpace": "nowrap",
              }
            }
          >
            300,083
          </td>
          <td
            className={undefined}
            onClick={[Function]}
            onMouseEnter={[Function]}
            onMouseLeave={[Function]}
            style={
              Object {
                "backgroundColor": "inherit",
                "color": "#2ecc71",
                "fontSize": 13,
                "height": 48,
                "muiPrepared": true,
                "overflow": "hidden",
                "paddingLeft": 24,
                "paddingRight": 24,
                "textAlign": "right",
                "textOverflow": "ellipsis",
                "whiteSpace": "nowrap",
              }
            }
          >
            0.00
          </td>
          <td
            className={undefined}
            onClick={[Function]}
            onMouseEnter={[Function]}
            onMouseLeave={[Function]}
            style={
              Object {
                "backgroundColor": "inherit",
                "color": "#2ecc71",
                "fontSize": 13,
                "height": 48,
                "muiPrepared": true,
                "overflow": "hidden",
                "paddingLeft": 24,
                "paddingRight": 24,
                "textAlign": "right",
                "textOverflow": "ellipsis",
                "whiteSpace": "nowrap",
              }
            }
          >
            0.0
            %
          </td>
        </tr>
        <tr
          className={undefined}
          style={
            Object {
              "borderBottom": "1px solid #e0e0e0",
              "color": "rgba(0, 0, 0, 0.87)",
              "height": 48,
              "muiPrepared": true,
            }
          }
        >
          <td
            className={undefined}
            onClick={[Function]}
            onMouseEnter={[Function]}
            onMouseLeave={[Function]}
            style={
              Object {
                "backgroundColor": "inherit",
                "fontSize": 13,
                "height": 48,
                "muiPrepared": true,
                "overflow": "hidden",
                "paddingLeft": 24,
                "paddingRight": 24,
                "textAlign": "left",
                "textOverflow": "ellipsis",
                "whiteSpace": "nowrap",
                "width": "15%",
              }
            }
          >
            YTE.AX
          </td>
          <td
            className={undefined}
            onClick={[Function]}
            onMouseEnter={[Function]}
            onMouseLeave={[Function]}
            style={
              Object {
                "backgroundColor": "inherit",
                "fontSize": 13,
                "height": 48,
                "muiPrepared": true,
                "overflow": "hidden",
                "paddingLeft": 24,
                "paddingRight": 24,
                "textAlign": "left",
                "textOverflow": "ellipsis",
                "whiteSpace": "normal",
              }
            }
          >
            FDHGDH GFHGF QWRWETR CBBGFNJ
          </td>
          <td
            className={undefined}
            onClick={[Function]}
            onMouseEnter={[Function]}
            onMouseLeave={[Function]}
            style={
              Object {
                "backgroundColor": "inherit",
                "fontSize": 13,
                "height": 48,
                "muiPrepared": true,
                "overflow": "hidden",
                "paddingLeft": 24,
                "paddingRight": 24,
                "textAlign": "right",
                "textOverflow": "ellipsis",
                "whiteSpace": "nowrap",
              }
            }
          >
            1.12
          </td>
          <td
            className={undefined}
            onClick={[Function]}
            onMouseEnter={[Function]}
            onMouseLeave={[Function]}
            style={
              Object {
                "backgroundColor": "inherit",
                "fontSize": 13,
                "height": 48,
                "muiPrepared": true,
                "overflow": "hidden",
                "paddingLeft": 24,
                "paddingRight": 24,
                "textAlign": "right",
                "textOverflow": "ellipsis",
                "whiteSpace": "nowrap",
              }
            }
          >
            264,967
          </td>
          <td
            className={undefined}
            onClick={[Function]}
            onMouseEnter={[Function]}
            onMouseLeave={[Function]}
            style={
              Object {
                "backgroundColor": "inherit",
                "color": "#2ecc71",
                "fontSize": 13,
                "height": 48,
                "muiPrepared": true,
                "overflow": "hidden",
                "paddingLeft": 24,
                "paddingRight": 24,
                "textAlign": "right",
                "textOverflow": "ellipsis",
                "whiteSpace": "nowrap",
              }
            }
          >
            0.00
          </td>
          <td
            className={undefined}
            onClick={[Function]}
            onMouseEnter={[Function]}
            onMouseLeave={[Function]}
            style={
              Object {
                "backgroundColor": "inherit",
                "color": "#2ecc71",
                "fontSize": 13,
                "height": 48,
                "muiPrepared": true,
                "overflow": "hidden",
                "paddingLeft": 24,
                "paddingRight": 24,
                "textAlign": "right",
                "textOverflow": "ellipsis",
                "whiteSpace": "nowrap",
              }
            }
          >
            0.0
            %
          </td>
        </tr>
        <tr
          className={undefined}
          style={
            Object {
              "borderBottom": "1px solid #e0e0e0",
              "color": "rgba(0, 0, 0, 0.87)",
              "height": 48,
              "muiPrepared": true,
            }
          }
        >
          <td
            className={undefined}
            onClick={[Function]}
            onMouseEnter={[Function]}
            onMouseLeave={[Function]}
            style={
              Object {
                "backgroundColor": "inherit",
                "fontSize": 13,
                "height": 48,
                "muiPrepared": true,
                "overflow": "hidden",
                "paddingLeft": 24,
                "paddingRight": 24,
                "textAlign": "left",
                "textOverflow": "ellipsis",
                "whiteSpace": "nowrap",
                "width": "15%",
              }
            }
          >
            EWR.AX
          </td>
          <td
            className={undefined}
            onClick={[Function]}
            onMouseEnter={[Function]}
            onMouseLeave={[Function]}
            style={
              Object {
                "backgroundColor": "inherit",
                "fontSize": 13,
                "height": 48,
                "muiPrepared": true,
                "overflow": "hidden",
                "paddingLeft": 24,
                "paddingRight": 24,
                "textAlign": "left",
                "textOverflow": "ellipsis",
                "whiteSpace": "normal",
              }
            }
          >
            GF GHG ERYTRH YUIOULO
          </td>
          <td
            className={undefined}
            onClick={[Function]}
            onMouseEnter={[Function]}
            onMouseLeave={[Function]}
            style={
              Object {
                "backgroundColor": "inherit",
                "fontSize": 13,
                "height": 48,
                "muiPrepared": true,
                "overflow": "hidden",
                "paddingLeft": 24,
                "paddingRight": 24,
                "textAlign": "right",
                "textOverflow": "ellipsis",
                "whiteSpace": "nowrap",
              }
            }
          >
            1.52
          </td>
          <td
            className={undefined}
            onClick={[Function]}
            onMouseEnter={[Function]}
            onMouseLeave={[Function]}
            style={
              Object {
                "backgroundColor": "inherit",
                "fontSize": 13,
                "height": 48,
                "muiPrepared": true,
                "overflow": "hidden",
                "paddingLeft": 24,
                "paddingRight": 24,
                "textAlign": "right",
                "textOverflow": "ellipsis",
                "whiteSpace": "nowrap",
              }
            }
          >
            1,467,292
          </td>
          <td
            className={undefined}
            onClick={[Function]}
            onMouseEnter={[Function]}
            onMouseLeave={[Function]}
            style={
              Object {
                "backgroundColor": "inherit",
                "color": "#2ecc71",
                "fontSize": 13,
                "height": 48,
                "muiPrepared": true,
                "overflow": "hidden",
                "paddingLeft": 24,
                "paddingRight": 24,
                "textAlign": "right",
                "textOverflow": "ellipsis",
                "whiteSpace": "nowrap",
              }
            }
          >
            0.00
          </td>
          <td
            className={undefined}
            onClick={[Function]}
            onMouseEnter={[Function]}
            onMouseLeave={[Function]}
            style={
              Object {
                "backgroundColor": "inherit",
                "color": "#2ecc71",
                "fontSize": 13,
                "height": 48,
                "muiPrepared": true,
                "overflow": "hidden",
                "paddingLeft": 24,
                "paddingRight": 24,
                "textAlign": "right",
                "textOverflow": "ellipsis",
                "whiteSpace": "nowrap",
              }
            }
          >
            0.0
            %
          </td>
        </tr>
        <tr
          className={undefined}
          style={
            Object {
              "borderBottom": "1px solid #e0e0e0",
              "color": "rgba(0, 0, 0, 0.87)",
              "height": 48,
              "muiPrepared": true,
            }
          }
        >
          <td
            className={undefined}
            onClick={[Function]}
            onMouseEnter={[Function]}
            onMouseLeave={[Function]}
            style={
              Object {
                "backgroundColor": "inherit",
                "fontSize": 13,
                "height": 48,
                "muiPrepared": true,
                "overflow": "hidden",
                "paddingLeft": 24,
                "paddingRight": 24,
                "textAlign": "left",
                "textOverflow": "ellipsis",
                "whiteSpace": "nowrap",
                "width": "15%",
              }
            }
          >
            GED.AX
          </td>
          <td
            className={undefined}
            onClick={[Function]}
            onMouseEnter={[Function]}
            onMouseLeave={[Function]}
            style={
              Object {
                "backgroundColor": "inherit",
                "fontSize": 13,
                "height": 48,
                "muiPrepared": true,
                "overflow": "hidden",
                "paddingLeft": 24,
                "paddingRight": 24,
                "textAlign": "left",
                "textOverflow": "ellipsis",
                "whiteSpace": "normal",
              }
            }
          >
            DFGHJ RTYUI YHB JKTUUJ
          </td>
          <td
            className={undefined}
            onClick={[Function]}
            onMouseEnter={[Function]}
            onMouseLeave={[Function]}
            style={
              Object {
                "backgroundColor": "inherit",
                "fontSize": 13,
                "height": 48,
                "muiPrepared": true,
                "overflow": "hidden",
                "paddingLeft": 24,
                "paddingRight": 24,
                "textAlign": "right",
                "textOverflow": "ellipsis",
                "whiteSpace": "nowrap",
              }
            }
          >
            0.23
          </td>
          <td
            className={undefined}
            onClick={[Function]}
            onMouseEnter={[Function]}
            onMouseLeave={[Function]}
            style={
              Object {
                "backgroundColor": "inherit",
                "fontSize": 13,
                "height": 48,
                "muiPrepared": true,
                "overflow": "hidden",
                "paddingLeft": 24,
                "paddingRight": 24,
                "textAlign": "right",
                "textOverflow": "ellipsis",
                "whiteSpace": "nowrap",
              }
            }
          >
            105,603
          </td>
          <td
            className={undefined}
            onClick={[Function]}
            onMouseEnter={[Function]}
            onMouseLeave={[Function]}
            style={
              Object {
                "backgroundColor": "inherit",
                "color": "#2ecc71",
                "fontSize": 13,
                "height": 48,
                "muiPrepared": true,
                "overflow": "hidden",
                "paddingLeft": 24,
                "paddingRight": 24,
                "textAlign": "right",
                "textOverflow": "ellipsis",
                "whiteSpace": "nowrap",
              }
            }
          >
            0.00
          </td>
          <td
            className={undefined}
            onClick={[Function]}
            onMouseEnter={[Function]}
            onMouseLeave={[Function]}
            style={
              Object {
                "backgroundColor": "inherit",
                "color": "#2ecc71",
                "fontSize": 13,
                "height": 48,
                "muiPrepared": true,
                "overflow": "hidden",
                "paddingLeft": 24,
                "paddingRight": 24,
                "textAlign": "right",
                "textOverflow": "ellipsis",
                "whiteSpace": "nowrap",
              }
            }
          >
            0.0
            %
          </td>
        </tr>
        <tr
          className={undefined}
          style={
            Object {
              "borderBottom": "1px solid #e0e0e0",
              "color": "rgba(0, 0, 0, 0.87)",
              "height": 48,
              "muiPrepared": true,
            }
          }
        >
          <td
            className={undefined}
            onClick={[Function]}
            onMouseEnter={[Function]}
            onMouseLeave={[Function]}
            style={
              Object {
                "backgroundColor": "inherit",
                "fontSize": 13,
                "height": 48,
                "muiPrepared": true,
                "overflow": "hidden",
                "paddingLeft": 24,
                "paddingRight": 24,
                "textAlign": "left",
                "textOverflow": "ellipsis",
                "whiteSpace": "nowrap",
                "width": "15%",
              }
            }
          >
            FWED.AX
          </td>
          <td
            className={undefined}
            onClick={[Function]}
            onMouseEnter={[Function]}
            onMouseLeave={[Function]}
            style={
              Object {
                "backgroundColor": "inherit",
                "fontSize": 13,
                "height": 48,
                "muiPrepared": true,
                "overflow": "hidden",
                "paddingLeft": 24,
                "paddingRight": 24,
                "textAlign": "left",
                "textOverflow": "ellipsis",
                "whiteSpace": "normal",
              }
            }
          >
            RGERH IURTERIOUT JFKGHD DSF
          </td>
          <td
            className={undefined}
            onClick={[Function]}
            onMouseEnter={[Function]}
            onMouseLeave={[Function]}
            style={
              Object {
                "backgroundColor": "inherit",
                "fontSize": 13,
                "height": 48,
                "muiPrepared": true,
                "overflow": "hidden",
                "paddingLeft": 24,
                "paddingRight": 24,
                "textAlign": "right",
                "textOverflow": "ellipsis",
                "whiteSpace": "nowrap",
              }
            }
          >
            7.23
          </td>
          <td
            className={undefined}
            onClick={[Function]}
            onMouseEnter={[Function]}
            onMouseLeave={[Function]}
            style={
              Object {
                "backgroundColor": "inherit",
                "fontSize": 13,
                "height": 48,
                "muiPrepared": true,
                "overflow": "hidden",
                "paddingLeft": 24,
                "paddingRight": 24,
                "textAlign": "right",
                "textOverflow": "ellipsis",
                "whiteSpace": "nowrap",
              }
            }
          >
            2,645,609
          </td>
          <td
            className={undefined}
            onClick={[Function]}
            onMouseEnter={[Function]}
            onMouseLeave={[Function]}
            style={
              Object {
                "backgroundColor": "inherit",
                "color": "#2ecc71",
                "fontSize": 13,
                "height": 48,
                "muiPrepared": true,
                "overflow": "hidden",
                "paddingLeft": 24,
                "paddingRight": 24,
                "textAlign": "right",
                "textOverflow": "ellipsis",
                "whiteSpace": "nowrap",
              }
            }
          >
            0.00
          </td>
          <td
            className={undefined}
            onClick={[Function]}
            onMouseEnter={[Function]}
            onMouseLeave={[Function]}
            style={
              Object {
                "backgroundColor": "inherit",
                "color": "#2ecc71",
                "fontSize": 13,
                "height": 48,
                "muiPrepared": true,
                "overflow": "hidden",
                "paddingLeft": 24,
                "paddingRight": 24,
                "textAlign": "right",
                "textOverflow": "ellipsis",
                "whiteSpace": "nowrap",
              }
            }
          >
            0.0
            %
          </td>
        </tr>
        <tr
          className={undefined}
          style={
            Object {
              "borderBottom": false,
              "color": "rgba(0, 0, 0, 0.87)",
              "height": 48,
              "muiPrepared": true,
            }
          }
        >
          <td
            className={undefined}
            onClick={[Function]}
            onMouseEnter={[Function]}
            onMouseLeave={[Function]}
            style={
              Object {
                "backgroundColor": "inherit",
                "fontSize": 13,
                "height": 48,
                "muiPrepared": true,
                "overflow": "hidden",
                "paddingLeft": 24,
                "paddingRight": 24,
                "textAlign": "left",
                "textOverflow": "ellipsis",
                "whiteSpace": "nowrap",
                "width": "15%",
              }
            }
          >
            QPL.AX
          </td>
          <td
            className={undefined}
            onClick={[Function]}
            onMouseEnter={[Function]}
            onMouseLeave={[Function]}
            style={
              Object {
                "backgroundColor": "inherit",
                "fontSize": 13,
                "height": 48,
                "muiPrepared": true,
                "overflow": "hidden",
                "paddingLeft": 24,
                "paddingRight": 24,
                "textAlign": "left",
                "textOverflow": "ellipsis",
                "whiteSpace": "normal",
              }
            }
          >
            GFHJYTJ LUI WETRRWET WEGFTER
          </td>
          <td
            className={undefined}
            onClick={[Function]}
            onMouseEnter={[Function]}
            onMouseLeave={[Function]}
            style={
              Object {
                "backgroundColor": "inherit",
                "fontSize": 13,
                "height": 48,
                "muiPrepared": true,
                "overflow": "hidden",
                "paddingLeft": 24,
                "paddingRight": 24,
                "textAlign": "right",
                "textOverflow": "ellipsis",
                "whiteSpace": "nowrap",
              }
            }
          >
            1.98
          </td>
          <td
            className={undefined}
            onClick={[Function]}
            onMouseEnter={[Function]}
            onMouseLeave={[Function]}
            style={
              Object {
                "backgroundColor": "inherit",
                "fontSize": 13,
                "height": 48,
                "muiPrepared": true,
                "overflow": "hidden",
                "paddingLeft": 24,
                "paddingRight": 24,
                "textAlign": "right",
                "textOverflow": "ellipsis",
                "whiteSpace": "nowrap",
              }
            }
          >
            1,304,315
          </td>
          <td
            className={undefined}
            onClick={[Function]}
            onMouseEnter={[Function]}
            onMouseLeave={[Function]}
            style={
              Object {
                "backgroundColor": "inherit",
                "color": "#2ecc71",
                "fontSize": 13,
                "height": 48,
                "muiPrepared": true,
                "overflow": "hidden",
                "paddingLeft": 24,
                "paddingRight": 24,
                "textAlign": "right",
                "textOverflow": "ellipsis",
                "whiteSpace": "nowrap",
              }
            }
          >
            0.00
          </td>
          <td
            className={undefined}
            onClick={[Function]}
            onMouseEnter={[Function]}
            onMouseLeave={[Function]}
            style={
              Object {
                "backgroundColor": "inherit",
                "color": "#2ecc71",
                "fontSize": 13,
                "height": 48,
                "muiPrepared": true,
                "overflow": "hidden",
                "paddingLeft": 24,
                "paddingRight": 24,
                "textAlign": "right",
                "textOverflow": "ellipsis",
                "whiteSpace": "nowrap",
              }
            }
          >
            0.0
            %
          </td>
        </tr>
      </tbody>
    </table>
  </div>
</div>
`;
